[2J[01;01H[=3h[2J[01;01H[0m[35m[40m[0m[37m[40mBdsDxe: failed to load Boot0001 "UEFI QEMU DVD-ROM QM00005 " from PciRoot(0x0)/Pci(0x1F,0x2)/Sata(0x2,0xFFFF,0x0): Not Found
BdsDxe: loading Boot0002 "UEFI QEMU HARDDISK QM00001 " from PciRoot(0x0)/Pci(0x1F,0x2)/Sata(0x0,0xFFFF,0x0)
BdsDxe: starting Boot0002 "UEFI QEMU HARDDISK QM00001 " from PciRoot(0x0)/Pci(0x1F,0x2)/Sata(0x0,0xFFFF,0x0)
[2J[01;01H[Loader] INFO:     Boot device: PciRoot(0x0)/Pci(0x1F,0x2)/Sata(0x0,0xFFFF,0x0)/HD(1,GPT,68B6E302-1265-4434-B90C-E41E4C06ADE8,0x800,0x187DF)
[Loader] INFO:     Listing directory:
  EFI
  ModernOS
  NvVars
[Loader] INFO:     Selected graphics device: PciRoot(0x0)/Pci(0x1,0x0)/AcpiAdr(0x80010100)
[Loader] WARN:     No config file found
[Loader] INFO:     Loading kernel
[Loader] INFO:       phys addr: 0x100000
[Loader] INFO:       image size: 293680
[Loader] INFO:       kernel entry: 0xFFFF80000012B59E
[Loader] INFO:       memory size: 311296
[Loader] INFO:     Loading executable data segment
[Loader] INFO:       base: 0xFFFF800000100000
[Loader] INFO:       size: 0x4B814 (76 pages)
[Loader] WARN:     No .load_sections section found
[Loader] INFO:     Found .boot_data section
[Loader] INFO:     Looking for boot info symbol
[Loader] INFO:     Found boot info symbol 'boot_info_v2'
[Loader] INFO:     Kernel loaded
[Loader] INFO:     Done
[Loader] INFO:     Exiting UEFI...
Initializing PMM with memory map size: 624 bytes
Total memory map entries: 26
Entry 0: Start=0, Type=3
  [0x0-0x1000] reserved (4096)
Entry 1: Start=0x1000, Type=2
  [0x1000-0xa0000] usable (651264)
Entry 2: Start=0x100000, Type=2
  [0x100000-0x800000] usable (7340032)
Entry 3: Start=0x800000, Type=5
  [0x800000-0x808000] ACPI NVS (32768)
Entry 4: Start=0x808000, Type=2
  [0x808000-0x810000] usable (32768)
Entry 5: Start=0x810000, Type=5
  [0x810000-0x900000] ACPI NVS (983040)
Entry 6: Start=0x900000, Type=3
  [0x900000-0x1500000] reserved (12582912)
Entry 7: Start=0x1500000, Type=2
  [0x1500000-0x7bf36000] usable (2057527296)
Entry 8: Start=0x7bf36000, Type=3
  [0x7bf36000-0x7bf56000] reserved (131072)
Entry 9: Start=0x7bf56000, Type=2
  [0x7bf56000-0x7c2ac000] usable (3497984)
Entry 10: Start=0x7c2ac000, Type=8
  [0x7c2ac000-0x7e2ac000] EFI runtime data (33554432)
Entry 11: Start=0x7e2ac000, Type=2
  [0x7e2ac000-0x7e2ba000] usable (57344)
Entry 12: Start=0x7e2ba000, Type=3
  [0x7e2ba000-0x7f034000] reserved (14131200)
Entry 13: Start=0x7f034000, Type=8
  [0x7f034000-0x7f0be000] EFI runtime data (565248)
Entry 14: Start=0x7f0be000, Type=3
  [0x7f0be000-0x7f8ef000] reserved (8589312)
Entry 15: Start=0x7f8ef000, Type=8
  [0x7f8ef000-0x7f9ef000] EFI runtime data (1048576)
Entry 16: Start=0x7f9ef000, Type=7
  [0x7f9ef000-0x7faef000] EFI runtime code (1048576)
Entry 17: Start=0x7faef000, Type=3
  [0x7faef000-0x7fb6f000] reserved (524288)
Entry 18: Start=0x7fb6f000, Type=4
  [0x7fb6f000-0x7fb7f000] ACPI data (65536)
Entry 19: Start=0x7fb7f000, Type=5
  [0x7fb7f000-0x7fbff000] ACPI NVS (524288)
Entry 20: Start=0x7fbff000, Type=3
  [0x7fbff000-0x7fe00000] reserved (2101248)
Entry 21: Start=0x7fe00000, Type=2
  [0x7fe00000-0x7fe9e000] usable (647168)
Entry 22: Start=0x7fe9e000, Type=3
  [0x7fe9e000-0x7fef4000] reserved (352256)
Entry 23: Start=0x7fef4000, Type=8
  [0x7fef4000-0x7ff78000] EFI runtime data (540672)
Entry 24: Start=0x7ff78000, Type=5
  [0x7ff78000-0x80000000] ACPI NVS (557056)
Entry 25: Start=0xb0000000, Type=3
  [0xb0000000-0xc0000000] reserved (268435456)
total memory: 2303 GB
usable memory: 1973 GB
kernel_reserved_start: 0x1500000
kernel_reserved_end: 0x7bf36000
initialized kernel heap
ACPI: RSDP revision 2 detected
ACPI: XSDT located at 0x7fb7d0e8, entries=6
ACPI: FADT found at 0x7fb79000
ACPI: DSDT found at 0x7fb7a000
[ACPI1] loaded AML table 'DSDT', total 8389 bytes of AML code.[ACPI1] ACPI namespace created, total of 262 predefined objects.ACPI: Namespace initialized via LAI
ACPI initialization complete.
Initializing Local APIC...
Disabling legacy 8259 PIC...
PIC remapped and masked (all IRQs off).
Local APIC base=0xfee00000 (from MSR), APIC enabled via MSR (0xfee00900)
LAPIC: SVR set to 0x000001ff (spurious vector=0xFF, APIC enabled)
LAPIC: LINT0/LINT1 masked (0x00010700, 0x00010400)
Local APIC initialization complete.
IDT initialized and loaded. Total entries: 256
ACPI MADT: LAPIC addr=0xfee00000, Flags=0x1
 MADT: I/O APIC ID=0, Addr=0xfec00000, GSI Base=0
ModernOS (C)

Initializing PCI subsystem...
ACPI: MCFG found at 0x7fb76000
PCI: Using PCIe MMCONFIG at 0xb0000000
PCI: [00:00.0] Vendor ID: 0x8086, Device ID: 0x29c0
    Class=0x06 Subclass=0x00 ProgIF=0x00
PCI: BAR[0] = 0x00000000c0000000 (MMIO) Size=0x1000000
PCI: BAR[2] = 0x00000000c1061000 (MMIO) Size=0x1000
PCI: Expansion ROM BAR = 0xffff0000 Size=0x10000
PCI: [00:01.0] Vendor ID: 0x1234, Device ID: 0x1111
    Class=0x03 Subclass=0x00 ProgIF=0x00
PCI: BAR[0] = 0x00000000c1040000 (MMIO) Size=0x20000
PCI: BAR[1] = 0x00006040 (I/O Space) Size=0x40
PCI: Expansion ROM BAR = 0xfffc0000 Size=0x40000
PCI: [00:02.0] Vendor ID: 0x8086, Device ID: 0x100e
    Class=0x02 Subclass=0x00 ProgIF=0x00
PCI: BAR[0] = 0x0000000800000000 (MMIO, 64-bit) Size=0x4000
PCI: [00:08.0] Vendor ID: 0x1b36, Device ID: 0x000d
    Class=0x0c Subclass=0x03 ProgIF=0x30
PCI: [00:1f.0] Vendor ID: 0x8086, Device ID: 0x2918
    Class=0x06 Subclass=0x01 ProgIF=0x00
PCI: BAR[4] = 0x00006080 (I/O Space) Size=0x20
PCI: BAR[5] = 0x00000000c1060000 (MMIO) Size=0x1000
PCI: [00:1f.2] Vendor ID: 0x8086, Device ID: 0x2922
    Class=0x01 Subclass=0x06 ProgIF=0x01
PCI: BAR[4] = 0x00006000 (I/O Space) Size=0x40
PCI: [00:1f.3] Vendor ID: 0x8086, Device ID: 0x2930
    Class=0x0c Subclass=0x05 ProgIF=0x00
PCI: Found 7 PCI device(s)
Initializing USB subsystem...
xHCI: Initializing controller at bus 0 slot 8 func 0
BARID[0x0000000800000000]
xHCI: MMIO base mapped to virtual address: 0xffffff8001800000
xHCI: Controller initialized successfully (maxSlots=64)
Initializing USB keyboard driver...
Total USB Devices: 0USB Keyboard: No USB keyboard detected.
USB: 0 devices enumerated:
Copyright (C) Ideal Technologies Inc.
cat